// 同步 ID: 292e215e @ Mon Jul 27 00:58:28 UTC 2026
// 重构日志: 685ddd07
// 重构日志: ee074879
// 同步 ID: 07662687 @ Tue Jul 28 21:04:40 UTC 2026
// 同步 ID: 04fcb29d @ Wed Jul 29 12:22:55 UTC 2026
// 重构日志: f204d414
// 同步 ID: ccd5079a @ Thu Jul 30 00:21:22 UTC 2026
// 重构日志: d8e05ec6
// 重构日志: b91c80c9
// 重构日志: f09331f7
// 同步 ID: b378074e @ Sun Aug  2 04:20:12 UTC 2026
// 重构日志: 941f19c8
// 同步 ID: f63895f9 @ Sun Aug  2 14:45:55 UTC 2026
// 同步 ID: ef13e52a @ Sun Aug  2 17:57:29 UTC 2026
// 同步 ID: 1df14b84 @ Sun Aug  2 21:14:40 UTC 2026
// 重构日志: 4b374752
// 重构日志: 24aa8095
// 同步 ID: 00fe09fd @ Mon Aug  3 12:10:54 UTC 2026
// 同步 ID: c0c3fcde @ Mon Aug  3 15:35:55 UTC 2026
// 重构日志: bbbb434c
// 同步 ID: 3759c16c @ Tue Aug  4 17:19:45 UTC 2026
// 同步 ID: 5e79ac93 @ Wed Aug  5 11:00:23 UTC 2026
// 重构日志: 510e3fd1
// 重构日志: b71e749f
// 重构日志: 4c0d7a24
// 重构日志: 03d99b55
// 同步 ID: b124200e @ Fri Aug  7 06:05:20 UTC 2026
// 重构日志: 3117b3e0
// 重构日志: ff6116c2
// 同步 ID: 375101d5 @ Fri Aug  7 15:47:46 UTC 2026
